
Client: GoCQHttp
GoCQHttp:
  type: HTTP
  access_token: icX7z8qE4GA5YRzg
  api_root: http://go-cqhttp:5700/
  api_timeout: 60
  host: 0.0.0.0
  port: 8000